[2025-10-11 19:17:48] [info] Login attempt for email: tomas@gmail.com
[2025-10-11 19:17:48] [info] Login success for tomas@gmail.com
[2025-10-11 19:21:17] [info] Login attempt for email: tomas@gmail.com
[2025-10-11 19:21:17] [info] Login success for tomas@gmail.com
[2025-10-11 19:21:56] [info] Login attempt for email: tomas@gmail.com
[2025-10-11 19:21:56] [info] Login success for tomas@gmail.com
[2025-10-11 21:11:07] [info] Login attempt for email: tomas@gmail.com
[2025-10-11 21:11:07] [info] Login success for tomas@gmail.com
[2025-10-11 21:58:40] [info] Login attempt for email: tomas@gmail.com
[2025-10-11 21:58:40] [info] Login success for tomas@gmail.com
[2025-10-11 22:26:39] [info] Login attempt for email: tomas@gmail.com
[2025-10-11 22:26:39] [info] Login success for tomas@gmail.com
[2025-10-11 22:42:46] [info] Login attempt for email: tomas@gmail.com
[2025-10-11 22:42:46] [info] Login success for tomas@gmail.com
[2025-10-11 22:48:31] [info] Login attempt for email: tomas@gmail.com
[2025-10-11 22:48:31] [info] Login success for tomas@gmail.com
[2025-10-11 23:02:22] [info] Login attempt for email: Rober@gmail.com
[2025-10-11 23:02:22] [info] Login success for Rober@gmail.com
[2025-10-11 23:02:46] [info] Login attempt for email: tomas@gmail.com
[2025-10-11 23:02:46] [info] Login success for tomas@gmail.com
[2025-10-11 23:09:38] [info] Login attempt for email: tomas@gmail.com
[2025-10-11 23:09:38] [info] Login success for tomas@gmail.com
[2025-10-11 23:15:51] [info] Login attempt for email: tomas@gmail.com
[2025-10-11 23:15:51] [info] Login success for tomas@gmail.com
[2025-10-11 23:18:10] [info] Login attempt for email: robert@gmail.com
[2025-10-11 23:18:10] [info] Login failed for robert@gmail.com
[2025-10-11 23:18:15] [info] Login attempt for email: tomas@gmail.com
[2025-10-11 23:18:15] [info] Login success for tomas@gmail.com
[2025-10-11 23:18:30] [info] Login attempt for email: rober@gmail.com
[2025-10-11 23:18:30] [info] Login success for rober@gmail.com
[2025-10-13 20:26:21] [info] Login attempt for email: tomas@gmail.com
[2025-10-13 20:26:21] [info] Login success for tomas@gmail.com
[2025-10-13 20:42:47] [info] Login attempt for email: tomas@gmail.com
[2025-10-13 20:42:47] [info] Login success for tomas@gmail.com
[2025-10-13 20:49:43] [info] Login attempt for email: tomas@gmail.com
[2025-10-13 20:49:43] [info] Login success for tomas@gmail.com
[2025-10-13 20:59:03] [info] Login attempt for email: tomas@gmail.com
[2025-10-13 20:59:03] [info] Login success for tomas@gmail.com
[2025-10-13 21:04:24] [info] Login attempt for email: tomas@gmail.com
[2025-10-13 21:04:24] [info] Login success for tomas@gmail.com
[2025-10-13 21:27:07] [info] Login attempt for email: tomas@gmail.com
[2025-10-13 21:27:08] [info] Login success for tomas@gmail.com
[2025-10-13 21:27:24] [info] Login attempt for email: tomas@gmail.com
[2025-10-13 21:27:24] [info] Login success for tomas@gmail.com
[2025-10-13 21:43:05] [info] Login attempt for email: tomas@gmail.com
[2025-10-13 21:43:05] [info] Login success for tomas@gmail.com
[2025-10-13 22:16:15] [info] Login attempt for email: tomas@gmail.com
[2025-10-13 22:16:15] [info] Login success for tomas@gmail.com
[2025-10-13 22:21:37] [info] Login attempt for email: tomas@gmail.com
[2025-10-13 22:21:37] [info] Login success for tomas@gmail.com
[2025-10-13 22:35:17] [info] Login attempt for email: tomas@gmail.com
[2025-10-13 22:35:18] [info] Login success for tomas@gmail.com
[2025-10-13 22:37:07] [info] Login attempt for email: tomas@gmail.com
[2025-10-13 22:37:07] [info] Login success for tomas@gmail.com
[2025-10-13 22:45:27] [info] Login attempt for email: tomas@gmail.com
[2025-10-13 22:45:27] [info] Login success for tomas@gmail.com
[2025-10-13 22:52:23] [info] Login attempt for email: tomas@gmail.com
[2025-10-13 22:52:23] [info] Login success for tomas@gmail.com
[2025-10-14 19:43:18] [info] Login attempt for email: tomas@gmail.com
[2025-10-14 19:43:18] [info] Login success for tomas@gmail.com
[2025-10-14 20:05:56] [info] Login attempt for email: tomas@gmail.com
[2025-10-14 20:05:56] [info] Login success for tomas@gmail.com
[2025-10-14 20:10:57] [info] Login attempt for email: tomas@gmail.com
[2025-10-14 20:10:57] [info] Login success for tomas@gmail.com
[2025-10-14 20:14:52] [info] Login attempt for email: tomas@gmail.com
[2025-10-14 20:14:52] [info] Login success for tomas@gmail.com
[2025-10-14 20:16:23] [info] Login attempt for email: tomas@gmail.com
[2025-10-14 20:16:23] [info] Login success for tomas@gmail.com
[2025-10-14 20:17:22] [info] Login attempt for email: tomas@gmail.com
[2025-10-14 20:17:22] [info] Login success for tomas@gmail.com
[2025-10-14 20:18:48] [info] Login attempt for email: tomas@gmail.com
[2025-10-14 20:18:48] [info] Login success for tomas@gmail.com
[2025-10-14 20:25:56] [info] Login attempt for email: tomas@gmail.com
[2025-10-14 20:25:56] [info] Login success for tomas@gmail.com
[2025-10-14 20:52:46] [info] Login attempt for email: tomas@gmail.com
[2025-10-14 20:52:47] [info] Login success for tomas@gmail.com
[2025-10-14 21:00:08] [info] Login attempt for email: tomas@gmail.com
[2025-10-14 21:00:08] [info] Login success for tomas@gmail.com
[2025-10-14 21:00:45] [info] Login attempt for email: rober@gmail.com
[2025-10-14 21:00:45] [info] Login success for rober@gmail.com
[2025-10-14 21:04:11] [info] Login attempt for email: tomas@gmail.com
[2025-10-14 21:04:11] [info] Login success for tomas@gmail.com
[2025-10-14 21:08:19] [info] Login attempt for email: rober@gmail.com
[2025-10-14 21:08:19] [info] Login success for rober@gmail.com
[2025-10-14 21:13:40] [info] Login attempt for email: tomas@gmail.com
[2025-10-14 21:13:40] [info] Login success for tomas@gmail.com
[2025-10-14 21:13:56] [info] Login attempt for email: rober@gmail.com
[2025-10-14 21:13:56] [info] Login success for rober@gmail.com
[2025-10-14 21:19:54] [info] Login attempt for email: rober@gmail.com
[2025-10-14 21:19:54] [info] Login success for rober@gmail.com
[2025-10-14 21:20:17] [info] Login attempt for email: rober@gmail.com
[2025-10-14 21:20:17] [info] Login success for rober@gmail.com
[2025-10-14 21:20:45] [info] Login attempt for email: tomas@gmail.com
[2025-10-14 21:20:45] [info] Login success for tomas@gmail.com
[2025-10-14 21:21:18] [info] Login attempt for email: rober@gmail.com
[2025-10-14 21:21:18] [info] Login success for rober@gmail.com
[2025-10-14 21:22:36] [info] Login attempt for email: tomas@gmail.com
[2025-10-14 21:22:36] [info] Login success for tomas@gmail.com
[2025-10-14 23:11:08] [info] Login attempt for email: tomas@gmail.com
[2025-10-14 23:11:08] [info] Login success for tomas@gmail.com
[2025-10-14 23:38:30] [info] Login attempt for email: tomas@gmail.com
[2025-10-14 23:38:30] [info] Login success for tomas@gmail.com
[2025-10-15 19:24:06] [info] Login attempt for email: tomas@gmail.com
[2025-10-15 19:24:06] [info] Login success for tomas@gmail.com
[2025-10-15 19:24:28] [info] Login attempt for email: rober@gmail.com
[2025-10-15 19:24:28] [info] Login success for rober@gmail.com
[2025-10-15 20:02:01] [info] Login attempt for email: rober@gmail.com
[2025-10-15 20:02:01] [info] Login success for rober@gmail.com
[2025-10-15 20:07:18] [info] Login attempt for email: rober@gmail.com
[2025-10-15 20:07:18] [info] Login success for rober@gmail.com
[2025-10-15 20:15:16] [info] Login attempt for email: tomas@gmail.com
[2025-10-15 20:15:16] [info] Login success for tomas@gmail.com
[2025-10-15 20:52:08] [info] Login attempt for email: tomas@gmail.com
[2025-10-15 20:52:08] [info] Login success for tomas@gmail.com
[2025-10-15 21:01:41] [info] Login attempt for email: tomas@gmail.com
[2025-10-15 21:01:41] [info] Login success for tomas@gmail.com
[2025-10-16 19:34:18] [info] Login attempt for email: tomas@gmail.com
[2025-10-16 19:34:18] [info] Login success for tomas@gmail.com
[2025-10-16 20:08:14] [info] Login attempt for email: tomas@gmail.com
[2025-10-16 20:08:14] [info] Login success for tomas@gmail.com
[2025-10-16 20:15:12] [info] Login attempt for email: tomas@gmail.com
[2025-10-16 20:15:12] [info] Login success for tomas@gmail.com
[2025-10-16 20:25:04] [info] Login attempt for email: tomas@gmail.com
[2025-10-16 20:25:05] [info] Login success for tomas@gmail.com
[2025-10-16 20:40:16] [info] Login attempt for email: tomas@gmail.com
[2025-10-16 20:40:17] [info] Login success for tomas@gmail.com
[2025-10-16 20:47:37] [info] Login attempt for email: tomas@gmail.com
[2025-10-16 20:47:37] [info] Login success for tomas@gmail.com
[2025-10-16 20:53:40] [info] Login attempt for email: tomas@gmail.com
[2025-10-16 20:53:40] [info] Login success for tomas@gmail.com
[2025-10-16 20:59:45] [info] Login attempt for email: tomas@gmail.com
[2025-10-16 20:59:45] [info] Login success for tomas@gmail.com
[2025-10-16 21:17:23] [info] Login attempt for email: tomas@gmail.com
[2025-10-16 21:17:23] [info] Login success for tomas@gmail.com
[2025-10-16 21:31:47] [info] Login attempt for email: tomas@gmail.com
[2025-10-16 21:31:47] [info] Login success for tomas@gmail.com
[2025-10-16 21:41:37] [info] Login attempt for email: tomas@gmail.com
[2025-10-16 21:41:37] [info] Login success for tomas@gmail.com
[2025-10-16 22:05:39] [info] Login attempt for email: tomas@gmail.com
[2025-10-16 22:05:39] [info] Login success for tomas@gmail.com
[2025-10-16 22:20:47] [info] Login attempt for email: tomas@gmail.com
[2025-10-16 22:20:47] [info] Login success for tomas@gmail.com
[2025-10-16 23:14:40] [info] Login attempt for email: tomas@gmail.com
[2025-10-16 23:14:40] [info] Login success for tomas@gmail.com
[2025-10-16 23:22:19] [info] Login attempt for email: tomas@gmail.com
[2025-10-16 23:22:19] [info] Login success for tomas@gmail.com
[2025-10-16 23:35:56] [info] Login attempt for email: tomas@gmail.com
[2025-10-16 23:35:56] [info] Login success for tomas@gmail.com
[2025-10-16 23:42:39] [info] Login attempt for email: tomas@gmail.com
[2025-10-16 23:42:39] [info] Login success for tomas@gmail.com
[2025-10-17 00:23:36] [info] Login attempt for email: tomas@gmail.com
[2025-10-17 00:23:36] [info] Login success for tomas@gmail.com
[2025-10-17 00:26:00] [info] Login attempt for email: tomas@gmail.com
[2025-10-17 00:26:00] [info] Login success for tomas@gmail.com
[2025-10-17 00:30:42] [info] Login attempt for email: tomas@gmail.com
[2025-10-17 00:30:42] [info] Login success for tomas@gmail.com
[2025-10-17 17:35:15] [info] Login attempt for email: tomas@gmail.com
[2025-10-17 17:35:15] [info] Login success for tomas@gmail.com
[2025-10-17 17:38:10] [info] Login attempt for email: tomas@gmail.com
[2025-10-17 17:38:10] [info] Login success for tomas@gmail.com
[2025-10-17 17:39:31] [info] Login attempt for email: tomas@gmail.com
[2025-10-17 17:39:31] [info] Login success for tomas@gmail.com
[2025-10-17 17:40:21] [info] Login attempt for email: admin@inventory.com
[2025-10-17 17:40:21] [info] Login success for admin@inventory.com
[2025-10-17 17:43:50] [info] Login attempt for email: tomas@gmail.com
[2025-10-17 17:43:50] [info] Login success for tomas@gmail.com
[2025-10-17 17:47:59] [info] Login attempt for email: tomalunaivanyunior1@gmail.com
[2025-10-17 17:47:59] [info] Login failed for tomalunaivanyunior1@gmail.com
[2025-10-17 17:48:09] [info] Login attempt for email: tomas@gmail.com
[2025-10-17 17:48:09] [info] Login success for tomas@gmail.com
[2025-10-17 17:48:45] [info] Login attempt for email: tomas@gmail.com
[2025-10-17 17:48:45] [info] Login success for tomas@gmail.com
[2025-10-17 17:52:49] [info] Login attempt for email: admin@inventory.com
[2025-10-17 17:52:49] [info] Login success for admin@inventory.com
[2025-10-17 18:00:32] [info] Login attempt for email: tomas@gmail.com
[2025-10-17 18:00:32] [info] Login success for tomas@gmail.com
[2025-10-17 18:04:24] [info] Login attempt for email: tomas@gmail.com
[2025-10-17 18:04:24] [info] Login success for tomas@gmail.com
[2025-10-17 18:50:37] [info] Login attempt for email: tomas@gmail.com
[2025-10-17 18:50:37] [info] Login success for tomas@gmail.com
